UG to STEP
! INFO-     NX STEP AP214 - V12.0
! INFO-      
! INFO-     Start of Translation: 2-MAY-2026  4:26:24 PM
! INFO-      
! STATUS-   Converting Part: C:\Users\Lenovo\Desktop\乒乓小球\螺杆.prt
! SUMMARY-   
! SUMMARY-  Summary of Unigraphics Part Entities
! SUMMARY-  For Part: C:\Users\Lenovo\Desktop\乒乓小球\螺杆.prt 
! SUMMARY-  Entities Processed             Count
! SUMMARY-  ------------------             -----
! SUMMARY-  Part Attribute ..............:     1
! SUMMARY-  Font ........................:     1
! SUMMARY-  Color Table .................:     2
! SUMMARY-  Coordinate System ...........:     1
! SUMMARY-  Parameter ...................:     1
! SUMMARY-  Matrix ......................:     1
! SUMMARY-  Solid .......................:
! SUMMARY-     Body .....................:     1
! SUMMARY-                                 -----
! SUMMARY-  Total                              8
! STATUS-    
! STATUS-   Converting to Output Form (Phase 2 of 3): 2-MAY-2026 4:26:24 PM
! STATUS-    
! STATUS-    
! STATUS-   Generating UG geometry and placing them in parts
! STATUS-    
! SUMMARY-   
! SUMMARY-    STEP Header Information
! SUMMARY-   
! SUMMARY-  Description      Unknown
! SUMMARY-  Imp_Level        1
! SUMMARY-  File_Name        螺杆.stp
! SUMMARY-  Date             2026-05-02T16:26:24+08:00
! SUMMARY-  Author           Unknown
! SUMMARY-  Organization     Unknown
! SUMMARY-  Pre_Version      ST-DEVELOPER v16.7
! SUMMARY-  Orig_System      SIEMENS PLM Software NX 12.0
! SUMMARY-  Authorization    Unknown
! SUMMARY-   
! SUMMARY-    Summary of STEP Entities
! SUMMARY-   
! SUMMARY-  Entity Type                                                   Count
! SUMMARY-  -----------                                                   ------
! SUMMARY-  advanced_face ..............................................:     17
! SUMMARY-  application_context ........................................:      1
! SUMMARY-  axis2_placement_3d .........................................:      8
! SUMMARY-  b_spline_curve_with_knots ..................................:     23
! SUMMARY-  b_spline_surface_with_knots ................................:      8
! SUMMARY-  b_spline_surface_with_knots_and_rational_b_spline_surface ..:      4
! SUMMARY-  cartesian_point ............................................:   7125
! SUMMARY-  circle .....................................................:      2
! SUMMARY-  closed_shell ...............................................:      1
! SUMMARY-  conical_surface ............................................:      1
! SUMMARY-  conversion_based_unit_and_plane_angle_unit .................:      1
! SUMMARY-  cylindrical_surface ........................................:      2
! SUMMARY-  dimensional_exponents ......................................:      1
! SUMMARY-  direction ..................................................:     19
! SUMMARY-  edge_curve .................................................:     28
! SUMMARY-  edge_loop ..................................................:     24
! SUMMARY-  face_bound .................................................:     15
! SUMMARY-  face_outer_bound ...........................................:     10
! SUMMARY-  geometric_representation_context_and_global_uncertainty_a ..:      1
! SUMMARY-  length_unit_and_si_unit ....................................:      1
! SUMMARY-  line .......................................................:      3
! SUMMARY-  manifold_solid_brep ........................................:      1
! SUMMARY-  oriented_edge ..............................................:     56
! SUMMARY-  plane ......................................................:      2
! SUMMARY-  plane_angle_measure_with_unit ..............................:      1
! SUMMARY-  plane_angle_unit_and_si_unit ...............................:      1
! SUMMARY-  product ....................................................:      1
! SUMMARY-  product_context ............................................:      1
! SUMMARY-  product_definition .........................................:      1
! SUMMARY-  product_definition_context .................................:      1
! SUMMARY-  product_definition_formation_with_specified_source .........:      1
! SUMMARY-  product_definition_shape ...................................:      1
! SUMMARY-  product_related_product_category ...........................:      1
! SUMMARY-  si_unit_and_solid_angle_unit ...............................:      1
! SUMMARY-  uncertainty_measure_with_unit ..............................:      1
! SUMMARY-  vector .....................................................:      3
! SUMMARY-  vertex_loop ................................................:      1
! SUMMARY-  vertex_point ...............................................:     21
! SUMMARY-                                                               -------
! SUMMARY-  Total                                                           7390
! INFO-      
! INFO-     User interface/default file
! INFO-     Bspline aprx. value in effect for this translation : 2.540000e-02 mm
! INFO-      
! INFO-     Total number of solids input for this translation  :       1
! INFO-      
! INFO-     Number of solids processed without problems        :       1
! INFO-      
! INFO-     Number of solids with problems output as sheets    :       0
! INFO-      
! INFO-     Number of solids not processed                     :       0
! INFO-      
! INFO-     End of Translation: 2-MAY-2026  4:26:25 PM
! INFO-      
